Output from Report run on Thursday, April 23, 2026 at 09:22:24 PM Eastern Daylight Time
Defined Replication SLA for SLA FB: 0h 45m 0s
Defined Replication SLA for SLA FA-File: 0h 30m 0s
Defined Replication SLA for SLA FA-Block: 0h 30m 0s
Alert Codes Ignored: 9999
Ignore Source Side Replica Reporting setting: Checked

FB Array - fb

FA-File Array - fa1

FA-Block Array - fa2

Replication Pairs:
  [FA-Block]  flasharray1  →  flasharray2    (Prod to DR - FlashArray Block)
  [FA-File]  flasharray1  →  flasharray2    (Prod to DR - FlashArray Files)

=== Command Log: user@fb ===
> purehw list --csv
[OUTPUT-DEBUG]
Name,Type,Status,Speed,Details,Identify
CH1.FM1,fm,healthy,-,-,off
CH1.FB1,fb,healthy,-,-,off
CH1.PSU0,psu,healthy,-,-,off

=== Command Log: user@fa1 ===
> purehw list --csv
[OUTPUT-DEBUG]
Name,Status,Identify,Slot,Index,Speed,Temperature,Voltage,Details
CH0.BAY0,ok,off,0,0,-,-,-,
CH0.BAY1,ok,off,0,1,-,-,-,
CT0,ok,off,-,-,-,-,-,

=== Command Log: user@fa2 ===
> purehw list --csv
[OUTPUT-DEBUG]
Name,Status,Identify,Slot,Index,Speed,Temperature,Voltage,Details
CH0.BAY0,ok,off,0,0,-,-,-,
CH0.BAY1,ok,off,0,1,-,-,-,
CT0,ok,off,-,-,-,-,-,
CT0.FAN0,critical,off,-,-,-,-,-,Fan failure

=== Command Log: user@fb ===
> purearray list --connect --csv
[OUTPUT-DEBUG]
Name,ID,Status,Throttle,Type
fb_dr,aaaa-bbbb-cccc-dddd,connected,-,replication

=== Command Log: user@fa1 ===
> purearray connection list --csv
[OUTPUT-DEBUG]
Name,Type,Throttled,Status,Management Address,Replication Address,Version
fa2,replication,false,connected,10.10.10.10,10.20.20.20,6.5.0

=== Command Log: user@fa2 ===
> purearray connection list --csv
[OUTPUT-DEBUG]
Name,Type,Throttled,Status,Management Address,Replication Address,Version
fa1,replication,false,connected,10.10.10.10,10.20.20.20,6.5.0
